// Jest Snapshot v1, https://goo.gl/fbAQLP

exports[`Board should render with given grid 1`] = `
<div>
  <div
    class="w-min m-auto flex-col flex h-full justify-center items-center"
  >
    <div
      class="border"
    >
      <div
        class="flex flex-row"
      >
        <div
          class="border border-green-400 h-20 w-20 flex justify-center items-center"
        >
          1_1
        </div>
        <div
          class="border border-green-400 h-20 w-20 flex justify-center items-center"
        >
          1_2
        </div>
        <div
          class="border border-green-400 h-20 w-20 flex justify-center items-center"
        >
          1_3
        </div>
      </div>
    </div>
    <div
      class="border"
    >
      <div
        class="flex flex-row"
      >
        <div
          class="border border-green-400 h-20 w-20 flex justify-center items-center"
        >
          2_1
        </div>
        <div
          class="border border-green-400 h-20 w-20 flex justify-center items-center"
        >
          2_2
        </div>
        <div
          class="border border-green-400 h-20 w-20 flex justify-center items-center"
        >
          2_3
        </div>
      </div>
    </div>
    <div
      class="border"
    >
      <div
        class="flex flex-row"
      >
        <div
          class="border border-green-400 h-20 w-20 flex justify-center items-center"
        >
          3_1
        </div>
        <div
          class="border border-green-400 h-20 w-20 flex justify-center items-center"
        >
          3_2
        </div>
        <div
          class="border border-green-400 h-20 w-20 flex justify-center items-center"
        >
          3_3
        </div>
      </div>
    </div>
  </div>
</div>
`;
